// Jest Snapshot v1, https://goo.gl/fbAQLP

exports[`Testing MenuComponent Render Component 1`] = `
ShallowWrapper {
  Symbol(enzyme.__root__): [Circular],
  Symbol(enzyme.__unrendered__): <MenuComponent
    menuList={
      Array [
        Object {
          "active": true,
          "href": "/item1",
          "title": "Item 1",
        },
        Object {
          "active": false,
          "href": "/item2",
          "title": "Item 2",
        },
      ]
    }
    user={
      Object {
        "avatar_url": "https://avatars0.githubusercontent.com/u/7025768?v=4",
        "login": "jordaos",
        "name": "Jordão",
      }
    }
  />,
  Symbol(enzyme.__renderer__): Object {
    "batchedUpdates": [Function],
    "getNode": [Function],
    "render": [Function],
    "simulateError": [Function],
    "simulateEvent": [Function],
    "unmount": [Function],
  },
  Symbol(enzyme.__node__): Object {
    "instance": null,
    "key": undefined,
    "nodeType": "host",
    "props": Object {
      "children": <ul
        className="nav nav-sidebar"
      >
        <li>
          <div
            className="media"
          >
            <div
              className="media-left"
            >
              <img
                alt="User"
                className="media-object img-profile"
                src="https://avatars0.githubusercontent.com/u/7025768?v=4"
              />
            </div>
            <div
              className="media-body"
            >
              <h4
                className="media-heading"
              >
                Jordão
              </h4>
              @
              jordaos
            </div>
          </div>
        </li>
        <li>
          <a
            className="active"
            href="/item1"
          >
            Item 1
          </a>
        </li>
        <li>
          <a
            className=""
            href="/item2"
          >
            Item 2
          </a>
        </li>
      </ul>,
      "className": "col-sm-3 col-md-2 sidebar",
    },
    "ref": null,
    "rendered": Object {
      "instance": null,
      "key": undefined,
      "nodeType": "host",
      "props": Object {
        "children": Array [
          <li>
            <div
              className="media"
            >
              <div
                className="media-left"
              >
                <img
                  alt="User"
                  className="media-object img-profile"
                  src="https://avatars0.githubusercontent.com/u/7025768?v=4"
                />
              </div>
              <div
                className="media-body"
              >
                <h4
                  className="media-heading"
                >
                  Jordão
                </h4>
                @
                jordaos
              </div>
            </div>
          </li>,
          Array [
            <li>
              <a
                className="active"
                href="/item1"
              >
                Item 1
              </a>
            </li>,
            <li>
              <a
                className=""
                href="/item2"
              >
                Item 2
              </a>
            </li>,
          ],
        ],
        "className": "nav nav-sidebar",
      },
      "ref": null,
      "rendered": Array [
        Object {
          "instance": null,
          "key": undefined,
          "nodeType": "host",
          "props": Object {
            "children": <div
              className="media"
            >
              <div
                className="media-left"
              >
                <img
                  alt="User"
                  className="media-object img-profile"
                  src="https://avatars0.githubusercontent.com/u/7025768?v=4"
                />
              </div>
              <div
                className="media-body"
              >
                <h4
                  className="media-heading"
                >
                  Jordão
                </h4>
                @
                jordaos
              </div>
            </div>,
          },
          "ref": null,
          "rendered": Object {
            "instance": null,
            "key": undefined,
            "nodeType": "host",
            "props": Object {
              "children": Array [
                <div
                  className="media-left"
                >
                  <img
                    alt="User"
                    className="media-object img-profile"
                    src="https://avatars0.githubusercontent.com/u/7025768?v=4"
                  />
                </div>,
                <div
                  className="media-body"
                >
                  <h4
                    className="media-heading"
                  >
                    Jordão
                  </h4>
                  @
                  jordaos
                </div>,
              ],
              "className": "media",
            },
            "ref": null,
            "rendered": Array [
              Object {
                "instance": null,
                "key": undefined,
                "nodeType": "host",
                "props": Object {
                  "children": <img
                    alt="User"
                    className="media-object img-profile"
                    src="https://avatars0.githubusercontent.com/u/7025768?v=4"
                  />,
                  "className": "media-left",
                },
                "ref": null,
                "rendered": Object {
                  "instance": null,
                  "key": undefined,
                  "nodeType": "host",
                  "props": Object {
                    "alt": "User",
                    "className": "media-object img-profile",
                    "src": "https://avatars0.githubusercontent.com/u/7025768?v=4",
                  },
                  "ref": null,
                  "rendered": null,
                  "type": "img",
                },
                "type": "div",
              },
              Object {
                "instance": null,
                "key": undefined,
                "nodeType": "host",
                "props": Object {
                  "children": Array [
                    <h4
                      className="media-heading"
                    >
                      Jordão
                    </h4>,
                    "@",
                    "jordaos",
                  ],
                  "className": "media-body",
                },
                "ref": null,
                "rendered": Array [
                  Object {
                    "instance": null,
                    "key": undefined,
                    "nodeType": "host",
                    "props": Object {
                      "children": "Jordão",
                      "className": "media-heading",
                    },
                    "ref": null,
                    "rendered": "Jordão",
                    "type": "h4",
                  },
                  "@",
                  "jordaos",
                ],
                "type": "div",
              },
            ],
            "type": "div",
          },
          "type": "li",
        },
        Object {
          "instance": null,
          "key": "0",
          "nodeType": "host",
          "props": Object {
            "children": <a
              className="active"
              href="/item1"
            >
              Item 1
            </a>,
          },
          "ref": null,
          "rendered": Object {
            "instance": null,
            "key": undefined,
            "nodeType": "host",
            "props": Object {
              "children": "Item 1",
              "className": "active",
              "href": "/item1",
            },
            "ref": null,
            "rendered": "Item 1",
            "type": "a",
          },
          "type": "li",
        },
        Object {
          "instance": null,
          "key": "1",
          "nodeType": "host",
          "props": Object {
            "children": <a
              className=""
              href="/item2"
            >
              Item 2
            </a>,
          },
          "ref": null,
          "rendered": Object {
            "instance": null,
            "key": undefined,
            "nodeType": "host",
            "props": Object {
              "children": "Item 2",
              "className": "",
              "href": "/item2",
            },
            "ref": null,
            "rendered": "Item 2",
            "type": "a",
          },
          "type": "li",
        },
      ],
      "type": "ul",
    },
    "type": "div",
  },
  Symbol(enzyme.__nodes__): Array [
    Object {
      "instance": null,
      "key": undefined,
      "nodeType": "host",
      "props": Object {
        "children": <ul
          className="nav nav-sidebar"
        >
          <li>
            <div
              className="media"
            >
              <div
                className="media-left"
              >
                <img
                  alt="User"
                  className="media-object img-profile"
                  src="https://avatars0.githubusercontent.com/u/7025768?v=4"
                />
              </div>
              <div
                className="media-body"
              >
                <h4
                  className="media-heading"
                >
                  Jordão
                </h4>
                @
                jordaos
              </div>
            </div>
          </li>
          <li>
            <a
              className="active"
              href="/item1"
            >
              Item 1
            </a>
          </li>
          <li>
            <a
              className=""
              href="/item2"
            >
              Item 2
            </a>
          </li>
        </ul>,
        "className": "col-sm-3 col-md-2 sidebar",
      },
      "ref": null,
      "rendered": Object {
        "instance": null,
        "key": undefined,
        "nodeType": "host",
        "props": Object {
          "children": Array [
            <li>
              <div
                className="media"
              >
                <div
                  className="media-left"
                >
                  <img
                    alt="User"
                    className="media-object img-profile"
                    src="https://avatars0.githubusercontent.com/u/7025768?v=4"
                  />
                </div>
                <div
                  className="media-body"
                >
                  <h4
                    className="media-heading"
                  >
                    Jordão
                  </h4>
                  @
                  jordaos
                </div>
              </div>
            </li>,
            Array [
              <li>
                <a
                  className="active"
                  href="/item1"
                >
                  Item 1
                </a>
              </li>,
              <li>
                <a
                  className=""
                  href="/item2"
                >
                  Item 2
                </a>
              </li>,
            ],
          ],
          "className": "nav nav-sidebar",
        },
        "ref": null,
        "rendered": Array [
          Object {
            "instance": null,
            "key": undefined,
            "nodeType": "host",
            "props": Object {
              "children": <div
                className="media"
              >
                <div
                  className="media-left"
                >
                  <img
                    alt="User"
                    className="media-object img-profile"
                    src="https://avatars0.githubusercontent.com/u/7025768?v=4"
                  />
                </div>
                <div
                  className="media-body"
                >
                  <h4
                    className="media-heading"
                  >
                    Jordão
                  </h4>
                  @
                  jordaos
                </div>
              </div>,
            },
            "ref": null,
            "rendered": Object {
              "instance": null,
              "key": undefined,
              "nodeType": "host",
              "props": Object {
                "children": Array [
                  <div
                    className="media-left"
                  >
                    <img
                      alt="User"
                      className="media-object img-profile"
                      src="https://avatars0.githubusercontent.com/u/7025768?v=4"
                    />
                  </div>,
                  <div
                    className="media-body"
                  >
                    <h4
                      className="media-heading"
                    >
                      Jordão
                    </h4>
                    @
                    jordaos
                  </div>,
                ],
                "className": "media",
              },
              "ref": null,
              "rendered": Array [
                Object {
                  "instance": null,
                  "key": undefined,
                  "nodeType": "host",
                  "props": Object {
                    "children": <img
                      alt="User"
                      className="media-object img-profile"
                      src="https://avatars0.githubusercontent.com/u/7025768?v=4"
                    />,
                    "className": "media-left",
                  },
                  "ref": null,
                  "rendered": Object {
                    "instance": null,
                    "key": undefined,
                    "nodeType": "host",
                    "props": Object {
                      "alt": "User",
                      "className": "media-object img-profile",
                      "src": "https://avatars0.githubusercontent.com/u/7025768?v=4",
                    },
                    "ref": null,
                    "rendered": null,
                    "type": "img",
                  },
                  "type": "div",
                },
                Object {
                  "instance": null,
                  "key": undefined,
                  "nodeType": "host",
                  "props": Object {
                    "children": Array [
                      <h4
                        className="media-heading"
                      >
                        Jordão
                      </h4>,
                      "@",
                      "jordaos",
                    ],
                    "className": "media-body",
                  },
                  "ref": null,
                  "rendered": Array [
                    Object {
                      "instance": null,
                      "key": undefined,
                      "nodeType": "host",
                      "props": Object {
                        "children": "Jordão",
                        "className": "media-heading",
                      },
                      "ref": null,
                      "rendered": "Jordão",
                      "type": "h4",
                    },
                    "@",
                    "jordaos",
                  ],
                  "type": "div",
                },
              ],
              "type": "div",
            },
            "type": "li",
          },
          Object {
            "instance": null,
            "key": "0",
            "nodeType": "host",
            "props": Object {
              "children": <a
                className="active"
                href="/item1"
              >
                Item 1
              </a>,
            },
            "ref": null,
            "rendered": Object {
              "instance": null,
              "key": undefined,
              "nodeType": "host",
              "props": Object {
                "children": "Item 1",
                "className": "active",
                "href": "/item1",
              },
              "ref": null,
              "rendered": "Item 1",
              "type": "a",
            },
            "type": "li",
          },
          Object {
            "instance": null,
            "key": "1",
            "nodeType": "host",
            "props": Object {
              "children": <a
                className=""
                href="/item2"
              >
                Item 2
              </a>,
            },
            "ref": null,
            "rendered": Object {
              "instance": null,
              "key": undefined,
              "nodeType": "host",
              "props": Object {
                "children": "Item 2",
                "className": "",
                "href": "/item2",
              },
              "ref": null,
              "rendered": "Item 2",
              "type": "a",
            },
            "type": "li",
          },
        ],
        "type": "ul",
      },
      "type": "div",
    },
  ],
  Symbol(enzyme.__options__): Object {
    "adapter": ReactSixteenAdapter {
      "options": Object {
        "enableComponentDidUpdateOnSetState": true,
        "lifecycles": Object {
          "componentDidUpdate": Object {
            "onSetState": true,
          },
          "getDerivedStateFromProps": true,
          "getSnapshotBeforeUpdate": true,
          "setState": Object {
            "skipsComponentDidUpdateOnNullish": true,
          },
        },
      },
    },
  },
}
`;
